// Vitest Snapshot v1, https://vitest.dev/guide/snapshot.html

exports[`GET /users/login > Success user login 1`] = `
{
  "email": "test@test.com",
}
`;
