// Vitest Snapshot v1, https://vitest.dev/guide/snapshot.html

exports[`GET /offers/favorites > Success get favorite offers 1`] = `
[
  {
    "city": "Amsterdam",
    "commentsCount": 0,
    "cost": 10000,
    "description": "descriptiontwentylenght",
    "favorite": true,
    "housingType": "House",
    "id": 0,
    "name": "nametenlenght",
    "premium": true,
    "previewImage": "http://localhost:4000/upload/",
    "publicationDate": 31.02,
    "rating": 1,
  },
]
`;
